C51 COMPILER V9.60.7.0   01_ALL_LED_BLINKING                                               09/02/2026 17:08:16 PAGE 1   


C51 COMPILER V9.60.7.0, COMPILATION OF MODULE 01_ALL_LED_BLINKING
OBJECT MODULE PLACED IN .\Objects\01_All_Led_Blinking.obj
COMPILER INVOKED BY: C:\Keil_v5\C51\BIN\C51.EXE 01_All_Led_Blinking.c OMF2 OPTIMIZE(8,SPEED) BROWSE DEBUG PRINT(.\Listin
                    -gs\01_All_Led_Blinking.lst) TABS(2) OBJECT(.\Objects\01_All_Led_Blinking.obj)

line level    source

   1          #include "reg51.h"
   2          #include "include.h"
   3          
   4          #define LED P1 // change the port to which the LED is connected
   5          
   6          void led_on_off(){
   7   1          LED = 0xFF; // Turn on all LEDs
   8   1          delay(500);
   9   1          LED = 0x00; // Turn off all LEDs
  10   1          delay(500);
  11   1      }
  12          
  13          void main(){
  14   1          unsigned int i;
  15   1          while(1){
  16   2              led_on_off();
  17   2      
  18   2              for(i = 0; i < 8; i++){
  19   3                  LED = (1 << i); // Turn on one LED at a time
  20   3                  delay(500);
  21   3              }
  22   2      
  23   2              led_on_off();
  24   2          }
  25   1      }


MODULE INFORMATION:   STATIC OVERLAYABLE
   CODE SIZE        =     90    ----
   CONSTANT SIZE    =   ----    ----
   XDATA SIZE       =   ----    ----
   PDATA SIZE       =   ----    ----
   DATA SIZE        =   ----    ----
   IDATA SIZE       =   ----    ----
   BIT SIZE         =   ----    ----
   EDATA SIZE       =   ----    ----
   HDATA SIZE       =   ----    ----
   XDATA CONST SIZE =   ----    ----
   FAR CONST SIZE   =   ----    ----
END OF MODULE INFORMATION.


C51 COMPILATION COMPLETE.  0 WARNING(S),  0 ERROR(S)
