BL51 BANKED LINKER/LOCATER V6.22.4.0                                                    09/02/2026  22:22:28  PAGE 1


BL51 BANKED LINKER/LOCATER V6.22.4.0, INVOKED BY:
C:\KEIL_V5\C51\BIN\BL51.EXE .\Objects\STARTUP.obj, .\Objects\01_buzzer.obj TO .\Objects\01_buzzer PRINT (.\Listings\01_b
>> uzzer.m51) RAMSIZE (256)


MEMORY MODEL: SMALL


INPUT MODULES INCLUDED:
  .\Objects\STARTUP.obj (?C_STARTUP)
  .\Objects\01_buzzer.obj (01_BUZZER)


LINK MAP OF MODULE:  .\Objects\01_buzzer (?C_STARTUP)


            TYPE    BASE      LENGTH    RELOCATION   SEGMENT NAME
            -----------------------------------------------------

            * * * * * * *   D A T A   M E M O R Y   * * * * * * *
            REG     0000H     0008H     ABSOLUTE     "REG BANK 0"
            IDATA   0008H     0001H     UNIT         ?STACK

            * * * * * * *   C O D E   M E M O R Y   * * * * * * *
            CODE    0000H     0003H     ABSOLUTE     
                    0003H     07FDH                  *** GAP ***
            CODE    0800H     0020H     UNIT         ?PR?_DELAY?01_BUZZER
            CODE    0820H     0017H     UNIT         ?PR?MAIN?01_BUZZER
            CODE    0837H     000CH     UNIT         ?C_C51STARTUP
            CODE    0843H     000AH     UNIT         ?PR?_BUZZER_TOGGLE?01_BUZZER



OVERLAY MAP OF MODULE:   .\Objects\01_buzzer (?C_STARTUP)


SEGMENT
  +--> CALLED SEGMENT
---------------------
?C_C51STARTUP
  +--> ?PR?MAIN?01_BUZZER

?PR?MAIN?01_BUZZER
  +--> ?PR?_BUZZER_TOGGLE?01_BUZZER

?PR?_BUZZER_TOGGLE?01_BUZZER
  +--> ?PR?_DELAY?01_BUZZER



SYMBOL TABLE OF MODULE:  .\Objects\01_buzzer (?C_STARTUP)

  VALUE           TYPE          NAME
  ----------------------------------

  -------         MODULE        ?C_STARTUP
  C:0837H         SEGMENT       ?C_C51STARTUP
  I:0008H         SEGMENT       ?STACK
BL51 BANKED LINKER/LOCATER V6.22.4.0                                                  09/02/2026  22:22:28  PAGE 2


  C:0000H         PUBLIC        ?C_STARTUP
  D:00E0H         SYMBOL        ACC
  D:00F0H         SYMBOL        B
  D:0083H         SYMBOL        DPH
  D:0082H         SYMBOL        DPL
  N:0000H         SYMBOL        IBPSTACK
  N:0100H         SYMBOL        IBPSTACKTOP
  N:0080H         SYMBOL        IDATALEN
  C:083AH         SYMBOL        IDATALOOP
  N:0000H         SYMBOL        PBPSTACK
  N:0100H         SYMBOL        PBPSTACKTOP
  N:0000H         SYMBOL        PDATALEN
  N:0000H         SYMBOL        PDATASTART
  N:0000H         SYMBOL        PPAGE
  N:0000H         SYMBOL        PPAGEENABLE
  D:00A0H         SYMBOL        PPAGE_SFR
  D:0081H         SYMBOL        SP
  C:0837H         SYMBOL        STARTUP1
  N:0000H         SYMBOL        XBPSTACK
  N:0000H         SYMBOL        XBPSTACKTOP
  N:0000H         SYMBOL        XDATALEN
  N:0000H         SYMBOL        XDATASTART
  C:0000H         LINE#         126
  C:0837H         LINE#         133
  C:0839H         LINE#         134
  C:083AH         LINE#         135
  C:083BH         LINE#         136
  C:083DH         LINE#         185
  C:0840H         LINE#         196
  -------         ENDMOD        ?C_STARTUP

  -------         MODULE        01_BUZZER
  C:0000H         SYMBOL        _ICE_DUMMY_
  D:0080H         PUBLIC        P0
  C:0843H         PUBLIC        _buzzer_toggle
  C:0800H         PUBLIC        _delay
  C:0820H         PUBLIC        main
  B:0080H.0       PUBLIC        PORT_P00
  -------         PROC          _DELAY
  D:0006H         SYMBOL        ms
  -------         DO            
  D:0004H         SYMBOL        i
  D:0002H         SYMBOL        j
  -------         ENDDO         
  C:0800H         LINE#         1
  C:0800H         LINE#         4
  C:081FH         LINE#         5
  -------         ENDPROC       _DELAY
  -------         PROC          _BUZZER_TOGGLE
  D:0082H         SYMBOL        buzzer_delay
  C:0843H         LINE#         6
  C:0843H         LINE#         7
  C:0845H         LINE#         8
  C:0848H         LINE#         9
  C:084AH         LINE#         10
  -------         ENDPROC       _BUZZER_TOGGLE
  -------         PROC          MAIN
BL51 BANKED LINKER/LOCATER V6.22.4.0                                                  09/02/2026  22:22:28  PAGE 3


  -------         DO            
  D:0082H         SYMBOL        i
  -------         ENDDO         
  C:0820H         LINE#         13
  C:0820H         LINE#         14
  C:0823H         LINE#         15
  C:0823H         LINE#         16
  C:082AH         LINE#         17
  C:0835H         LINE#         18
  -------         ENDPROC       MAIN
  -------         ENDMOD        01_BUZZER

******************************************************************************
* RESTRICTED VERSION WITH 0800H BYTE CODE SIZE LIMIT; USED: 0050H BYTE ( 3%) *
******************************************************************************

Program Size: data=9.0 xdata=0 code=80
LINK/LOCATE RUN COMPLETE.  0 WARNING(S),  0 ERROR(S)
