BL51 BANKED LINKER/LOCATER V6.22.4.0                                                    09/02/2026  21:56:44  PAGE 1


BL51 BANKED LINKER/LOCATER V6.22.4.0, INVOKED BY:
C:\KEIL_V5\C51\BIN\BL51.EXE .\Objects\STARTUP.obj, .\Objects\01_4_digit_continues_led_counter.obj TO .\Objects\01_4_digi
>> t_continues_led_counter PRINT (.\Listings\01_4_digit_continues_led_counter.m51) RAMSIZE (256)


MEMORY MODEL: SMALL


INPUT MODULES INCLUDED:
  .\Objects\STARTUP.obj (?C_STARTUP)
  .\Objects\01_4_digit_continues_led_counter.obj (01_4_DIGIT_CONTINUES_LED_COUNTER)


LINK MAP OF MODULE:  .\Objects\01_4_digit_continues_led_counter (?C_STARTUP)


            TYPE    BASE      LENGTH    RELOCATION   SEGMENT NAME
            -----------------------------------------------------

            * * * * * * *   D A T A   M E M O R Y   * * * * * * *
            REG     0000H     0008H     ABSOLUTE     "REG BANK 0"
            DATA    0008H     0008H     UNIT         _DATA_GROUP_
            IDATA   0010H     0001H     UNIT         ?STACK

            * * * * * * *   C O D E   M E M O R Y   * * * * * * *
            CODE    0000H     0003H     ABSOLUTE     
                    0003H     07FDH                  *** GAP ***
            CODE    0800H     00B8H     UNIT         ?PR?MAIN?01_4_DIGIT_CONTINUES_LED_COUNTER
            CODE    08B8H     0020H     UNIT         ?PR?_DELAY?01_4_DIGIT_CONTINUES_LED_COUNTER
            CODE    08D8H     000CH     UNIT         ?C_C51STARTUP
            CODE    08E4H     000AH     UNIT         ?CO?01_4_DIGIT_CONTINUES_LED_COUNTER



OVERLAY MAP OF MODULE:   .\Objects\01_4_digit_continues_led_counter (?C_STARTUP)


SEGMENT                                            DATA_GROUP 
  +--> CALLED SEGMENT                            START    LENGTH
----------------------------------------------------------------
?C_C51STARTUP                                    -----    -----
  +--> ?PR?MAIN?01_4_DIGIT_CONTINUES_LED_COU...

?PR?MAIN?01_4_DIGIT_CONTINUES_LED_COU...         0008H    0008H
  +--> ?CO?01_4_DIGIT_CONTINUES_LED_COUNTER
  +--> ?PR?_DELAY?01_4_DIGIT_CONTINUES_LED_C...



SYMBOL TABLE OF MODULE:  .\Objects\01_4_digit_continues_led_counter (?C_STARTUP)

  VALUE           TYPE          NAME
  ----------------------------------

  -------         MODULE        ?C_STARTUP
  C:08D8H         SEGMENT       ?C_C51STARTUP
  I:0010H         SEGMENT       ?STACK
  C:0000H         PUBLIC        ?C_STARTUP
BL51 BANKED LINKER/LOCATER V6.22.4.0                                                  09/02/2026  21:56:44  PAGE 2


  D:00E0H         SYMBOL        ACC
  D:00F0H         SYMBOL        B
  D:0083H         SYMBOL        DPH
  D:0082H         SYMBOL        DPL
  N:0000H         SYMBOL        IBPSTACK
  N:0100H         SYMBOL        IBPSTACKTOP
  N:0080H         SYMBOL        IDATALEN
  C:08DBH         SYMBOL        IDATALOOP
  N:0000H         SYMBOL        PBPSTACK
  N:0100H         SYMBOL        PBPSTACKTOP
  N:0000H         SYMBOL        PDATALEN
  N:0000H         SYMBOL        PDATASTART
  N:0000H         SYMBOL        PPAGE
  N:0000H         SYMBOL        PPAGEENABLE
  D:00A0H         SYMBOL        PPAGE_SFR
  D:0081H         SYMBOL        SP
  C:08D8H         SYMBOL        STARTUP1
  N:0000H         SYMBOL        XBPSTACK
  N:0000H         SYMBOL        XBPSTACKTOP
  N:0000H         SYMBOL        XDATALEN
  N:0000H         SYMBOL        XDATASTART
  C:0000H         LINE#         126
  C:08D8H         LINE#         133
  C:08DAH         LINE#         134
  C:08DBH         LINE#         135
  C:08DCH         LINE#         136
  C:08DEH         LINE#         185
  C:08E1H         LINE#         196
  -------         ENDMOD        ?C_STARTUP

  -------         MODULE        01_4_DIGIT_CONTINUES_LED_COUNTER
  C:0000H         SYMBOL        _ICE_DUMMY_
  D:0080H         PUBLIC        P0
  D:0090H         PUBLIC        P1
  C:08B8H         PUBLIC        _delay
  C:0800H         PUBLIC        main
  C:08E4H         PUBLIC        DIGIT_MAP
  -------         PROC          _DELAY
  D:0006H         SYMBOL        ms
  -------         DO            
  D:0004H         SYMBOL        i
  D:0002H         SYMBOL        j
  -------         ENDDO         
  C:08B8H         LINE#         1
  C:08B8H         LINE#         4
  C:08D7H         LINE#         5
  -------         ENDPROC       _DELAY
  -------         PROC          MAIN
  -------         DO            
  D:0008H         SYMBOL        sg1
  D:000AH         SYMBOL        sg2
  D:000CH         SYMBOL        sg3
  D:000EH         SYMBOL        sg4
  -------         ENDDO         
  C:0800H         LINE#         8
  C:0800H         LINE#         9
  C:0814H         LINE#         10
BL51 BANKED LINKER/LOCATER V6.22.4.0                                                  09/02/2026  21:56:44  PAGE 3


  C:0814H         LINE#         11
  C:0817H         LINE#         12
  C:0829H         LINE#         13
  C:0831H         LINE#         14
  C:0835H         LINE#         15
  C:0838H         LINE#         16
  C:084AH         LINE#         17
  C:0852H         LINE#         18
  C:0852H         LINE#         19
  C:085AH         LINE#         20
  C:0862H         LINE#         21
  C:0867H         LINE#         22
  C:086AH         LINE#         23
  C:087CH         LINE#         24
  C:0884H         LINE#         25
  C:0884H         LINE#         26
  C:088CH         LINE#         27
  C:0891H         LINE#         28
  C:0894H         LINE#         29
  C:08A6H         LINE#         30
  C:08AEH         LINE#         31
  C:08AEH         LINE#         32
  C:08B5H         LINE#         33
  -------         ENDPROC       MAIN
  -------         ENDMOD        01_4_DIGIT_CONTINUES_LED_COUNTER

******************************************************************************
* RESTRICTED VERSION WITH 0800H BYTE CODE SIZE LIMIT; USED: 00F1H BYTE (11%) *
******************************************************************************

Program Size: data=17.0 xdata=0 code=241
LINK/LOCATE RUN COMPLETE.  0 WARNING(S),  0 ERROR(S)
